// Jest Snapshot v1, https://goo.gl/fbAQLP

exports[`renders snapshot correctly 1`] = `
<div
  className="sc-dkPtRN eGWjTe"
>
  <a
    className="sc-jRQBWg"
    target="_self"
  >
    <div
      className="sc-hKwDye"
    />
  </a>
  <div
    className="sc-eCImPb jbNsEY"
  />
</div>
`;
