// Vitest Snapshot v1, https://vitest.dev/guide/snapshot.html

exports[`renders without crashing 1`] = `
<div>
  <textarea
    aria-label="Textarea"
    class="sc-bcXHqe cbnZNR"
  >
    Test
  </textarea>
</div>
`;
