// Jest Snapshot v1, https://goo.gl/fbAQLP

exports[`renders snapshot correctly 1`] = `
<div
  className="sc-dkPtRN fWmzBJ"
>
  <span
    className="sc-gsDKAQ dRuQov"
  >
    My skills:
  </span>
</div>
`;
