// Jest Snapshot v1, https://goo.gl/fbAQLP

exports[`renders snapshot correctly 1`] = `
<div
  className="sc-jJoQJp lfquEV"
>
  <span
    className="sc-ikJyIC hFggZb"
  >
    My skills:
  </span>
</div>
`;
