// Jest Snapshot v1, https://goo.gl/fbAQLP

exports[`renders snapshot correctly 1`] = `
<div
  className="sc-bYoBSM iigalN"
>
  <div
    className="sc-cxpSdN jRxpLR"
  />
</div>
`;
