// Vitest Snapshot v1, https://vitest.dev/guide/snapshot.html

exports[`renders without crashing 1`] = `
<div>
  <div
    class="sc-dkrFOg iqMwQi"
  >
    <input
      class="sc-bcXHqe lnLHyE"
    />
  </div>
</div>
`;
