// Jest Snapshot v1, https://goo.gl/fbAQLP

exports[`renders snapshot correctly 1`] = `
<div
  className="sc-jrQzAO ckA-Dkj"
>
  <button
    className="sc-bdvvtL cYYqpk sc-furwcr"
    disabled={true}
    onClick={[Function]}
    onMouseDown={[Function]}
    onMouseUp={[Function]}
  >
    Submit
  </button>
</div>
`;
