// Jest Snapshot v1, https://goo.gl/fbAQLP

exports[`renders snapshot correctly 1`] = `
<div
  className="sc-kDTinF ZqIuj"
>
  <button
    className="sc-gsDKAQ cAawDM sc-pVTFL"
    disabled={true}
    onClick={[Function]}
    onMouseDown={[Function]}
    onMouseUp={[Function]}
    size="small"
  >
    <span
      className="sc-bdvvtL jvqAQd"
      disabled={true}
    >
      Submit
    </span>
  </button>
</div>
`;
