// Jest Snapshot v1, https://goo.gl/fbAQLP

exports[`renders snapshot correctly 1`] = `
<div
  className="sc-ksdxgE icLIXt"
>
  <div
    className="sc-kDTinF fNdLbZ"
  />
</div>
`;
