// Jest Snapshot v1, https://goo.gl/fbAQLP

exports[`renders snapshot correctly 1`] = `
<div
  className="sc-hOGkXu cwOgHW"
>
  <div
    className="sc-pVTFL fZkDsV sc-jQrDum fzjBSh"
  >
    <button
      className="sc-gsDKAQ dWwrqJ"
      disabled={false}
      onClick={[Function]}
      onMouseDown={[Function]}
      onMouseUp={[Function]}
      size="large"
    >
      <span
        className="sc-bdvvtL bBtbgR"
      >
        Log in
      </span>
    </button>
    <button
      className="sc-gsDKAQ dWwrqJ"
      disabled={false}
      onClick={[Function]}
      onMouseDown={[Function]}
      onMouseUp={[Function]}
      size="large"
    >
      <span
        className="sc-bdvvtL bBtbgR"
      >
        Sign up
      </span>
    </button>
    <button
      className="sc-gsDKAQ dWwrqJ"
      disabled={false}
      onClick={[Function]}
      onMouseDown={[Function]}
      onMouseUp={[Function]}
      size="large"
    >
      <span
        className="sc-bdvvtL bBtbgR"
      >
        Projects
      </span>
    </button>
  </div>
  <div
    className="sc-dtMgUX iDIaip"
  >
    <div
      className="sc-cZMNgc cJlINy"
    >
      <div
        className="sc-jUosCB kRzrff"
      >
        <div
          className="sc-jJoQJp kvWGrA"
        >
          <img
            className="sc-llYSUQ cNUGOY"
            src="https://media-exp1.licdn.com/dms/image/C4D03AQHnmnhLoeWeUQ/profile-displayphoto-shrink_800_800/0/1643239289504?e=1649289600&v=beta&t=Tch_XNfZXK3s4ZM3tdSAyDXkErE3wh9kTf3m4dSfMuw"
          />
          <span
            className="sc-iwjdpV inWMhS"
          >
            Who am I?
          </span>
          <div
            className="sc-giYglK bSujg"
          >
            <span
              className="sc-cxpSdN MACTq"
            >
              I'm a Front-End Developer for 
              <a
                className="sc-iJKOTD"
                href="https://www.cleverti.com/"
              >
                Cleverti
              </a>
            </span>
          </div>
          <div
            className="sc-ezbkAF jOWQzN"
          >
            <div
              className="sc-dkPtRN eGWjTe sc-bYoBSM lbEZDW"
            >
              <a
                className="sc-jRQBWg"
                href="https://www.linkedin.com/in/manuel-correia2209/"
                target="_self"
              >
                <div
                  className="sc-hKwDye"
                >
                  <img
                    className="sc-gKclnd huNaHt"
                    src="https://hermes.digitalinnovation.one/articles/cover/669b63fe-912d-484c-b313-95a46a8ee25e.png"
                  />
                </div>
              </a>
              <div
                className="sc-eCImPb dlpleo"
              >
                <span
                  className="sc-iCfMLu jSHYWD"
                >
                  LinkedIn
                </span>
                
              </div>
            </div>
            <div
              className="sc-dkPtRN eGWjTe sc-bYoBSM lbEZDW"
            >
              <a
                className="sc-jRQBWg"
                href="https://github.com/manuelc2209/react-ui"
                target="_self"
              >
                <div
                  className="sc-hKwDye"
                >
                  <img
                    className="sc-gKclnd huNaHt"
                    src="https://hermes.digitalinnovation.one/articles/cover/7b4fbb1d-f57a-4420-9209-ee976b171bdf.jpg"
                  />
                </div>
              </a>
              <div
                className="sc-eCImPb dlpleo"
              >
                <span
                  className="sc-iCfMLu jSHYWD"
                >
                  Github
                </span>
                
              </div>
            </div>
          </div>
        </div>
      </div>
      <div
        className="sc-jUosCB kRzrff"
      >
        <div
          className="sc-cCcXHH wGCrs"
        >
          <span
            className="sc-gWXbKe wIHqs"
          >
            My skills:
          </span>
          <div
            className="sc-hiCibw iURpTG"
            title="90"
          >
            <span
              className="sc-gWXbKe wIHqs"
            />
            <span
              className="sc-gWXbKe wIHqs"
            >
              React
            </span>
          </div>
          <div
            className="sc-hiCibw iURpTG"
            title="90"
          >
            <span
              className="sc-gWXbKe wIHqs"
            />
            <span
              className="sc-gWXbKe wIHqs"
            >
              Angular
            </span>
          </div>
          <div
            className="sc-hiCibw iURpTG"
            title="90"
          >
            <span
              className="sc-gWXbKe wIHqs"
            />
            <span
              className="sc-gWXbKe wIHqs"
            >
              Styled-Components
            </span>
          </div>
          <div
            className="sc-hiCibw cKjgBy"
            title="85"
          >
            <span
              className="sc-gWXbKe wIHqs"
            />
            <span
              className="sc-gWXbKe wIHqs"
            >
              React-testing
            </span>
          </div>
          <div
            className="sc-hiCibw blTjcC"
            title="80"
          >
            <span
              className="sc-gWXbKe wIHqs"
            />
            <span
              className="sc-gWXbKe wIHqs"
            >
              Jest
            </span>
          </div>
          <div
            className="sc-hiCibw blTjcC"
            title="80"
          >
            <span
              className="sc-gWXbKe wIHqs"
            />
            <span
              className="sc-gWXbKe wIHqs"
            >
              Git
            </span>
          </div>
          <div
            className="sc-hiCibw dmbkfW"
            title="75"
          >
            <span
              className="sc-gWXbKe wIHqs"
            />
            <span
              className="sc-gWXbKe wIHqs"
            >
              TypeScript
            </span>
          </div>
          <div
            className="sc-hiCibw gHkpzq"
            title="60"
          >
            <span
              className="sc-gWXbKe wIHqs"
            />
            <span
              className="sc-gWXbKe wIHqs"
            >
              Scss
            </span>
          </div>
          <div
            className="sc-hiCibw bkNlIC"
            title="50"
          >
            <span
              className="sc-gWXbKe wIHqs"
            />
            <span
              className="sc-gWXbKe wIHqs"
            >
              Css
            </span>
          </div>
          <div
            className="sc-hiCibw bkNlIC"
            title="50"
          >
            <span
              className="sc-gWXbKe wIHqs"
            />
            <span
              className="sc-gWXbKe wIHqs"
            >
              Vue
            </span>
          </div>
        </div>
      </div>
    </div>
  </div>
</div>
`;
